Microchip MPLAB XC8 Compiler V1.35 ()

Linker command line:

--edf=C:\Program Files (x86)\Microchip\xc8\v1.35\dat\en_msgs.txt -cs \
  -h+dist/default/debug\myWafer.debug.sym \
  --cmf=dist/default/debug\myWafer.debug.cmf -z -Q18F2420 \
  -oC:\Users\Lawrence\AppData\Local\Temp\sleo.2 \
  -Mdist/default/debug/myWafer.debug.map -E1 -ver=XC8 -ASTACK=0B2h-02eeh \
  -pstack=STACK -ACODE=00h-03CFFh -ACONST=00h-03CFFh \
  -ASMALLCONST=0300h-03FFhx58 -AMEDIUMCONST=0300h-03CFFh -ACOMRAM=01h-07Fh \
  -AABS1=00h-02EEh -ABIGRAM=01h-02EEh \
  -ARAM=080h-0FFh,0100h-01FFh,0200h-02EEh -ABANK0=080h-0FFh \
  -ABANK1=0100h-01FFh -ABANK2=0200h-02EEh \
  -ASFR=0F80h-0F9Bh,0F9Dh-0FD3h,0FD5h-0FDAh,0FE0h-0FE2h,0FE8h-0FEAh,0FF0h-0FFBh \
  -preset_vec=00h,intcode=08h,intcodelo,powerup,init,end_init \
  -pramtop=0300h -psmallconst=SMALLCONST -pmediumconst=MEDIUMCONST \
  -pconst=CONST -AFARRAM=00h-00h -ACONFIG=0300000h-030000Dh -pconfig=CONFIG \
  -AIDLOC=0200000h-0200007h -pidloc=IDLOC -AEEDATA=0F00000h-0F000FFh \
  -peeprom_data=EEDATA \
  -prdata=COMRAM,nvrram=COMRAM,nvbit=COMRAM,rbss=COMRAM,rbit=COMRAM \
  -pfarbss=FARRAM,fardata=FARRAM,nvFARRAM=FARRAM \
  -pintsave_regs=BIGRAM,bigbss=BIGRAM,bigdata=BIGRAM -pbss=RAM \
  -pidata=CODE,irdata=CODE,ibigdata=CODE,ifardata=CODE -prparam=COMRAM \
  C:\Users\Lawrence\AppData\Local\Temp\sleo.obj \
  dist/default/debug\myWafer.debug.obj 

Object code version is 3.11

Machine type is 18F2420

Call graph: (short form)




                Name                               Link     Load   Length Selector   Space Scale
C:\Users\Lawrence\AppData\Local\Temp\sleo.obj
                end_init                             16       16        4        4       0
                reset_vec                             0        0        6        0       0
                idloc                            200000   200000        8   200000       0
                config                           300000   300000        E   300000       0
dist/default/debug\myWafer.debug.obj
                intcode                               8        8        E        4       0
                temp                                 65       65        1        1       1
                intcode_body                        6C8      6C8      128        4       0
                text21                              D3A      D3A       1C        4       0
                text20                              C2A      C2A       46        4       0
                text19                              B4C      B4C       52        4       0
                text18                              95E      95E       B2        4       0
                text17                              8AC      8AC       B2        4       0
                text16                              D1C      D1C       1E        4       0
                text15                              D94      D94        8        4       0
                text14                              D8C      D8C        8        4       0
                text13                              D9C      D9C        2        4       0
                text12                              CCE      CCE       28        4       0
                text11                              D56      D56       18        4       0
                text10                              D84      D84        8        4       0
                text9                               BE4      BE4       46        4       0
                text8                               7F0      7F0       BC        4       0
                text7                               A10      A10       A6        4       0
                text6                               AB6      AB6       96        4       0
                text5                               D6E      D6E       16        4       0
                text4                               CA6      CA6       28        4       0
                text3                               4CC      4CC      1FC        4       0
                text2                               C70      C70       36        4       0
                text1                               B9E      B9E       46        4       0
                text0                                1A       1A      4B2        4       0
                cstackCOMRAM                          1        1       38        1       1
                cstackBANK0                          A8       A8        A       80       1
                bssBANK0                             80       80       28       80       1
                bssCOMRAM                            39       39       2C        1       1
                cinit                               CF6      CF6       26        4       0

TOTAL           Name                               Link     Load   Length     Space
        CLASS   STACK          

        CLASS   CODE           
                end_init                             16       16        4         0
                intcode                               8        8        E         0
                reset_vec                             0        0        6         0
                intcode_body                        6C8      6C8      128         0
                text21                              D3A      D3A       1C         0
                text20                              C2A      C2A       46         0
                text19                              B4C      B4C       52         0
                text18                              95E      95E       B2         0
                text17                              8AC      8AC       B2         0
                text16                              D1C      D1C       1E         0
                text15                              D94      D94        8         0
                text14                              D8C      D8C        8         0
                text13                              D9C      D9C        2         0
                text12                              CCE      CCE       28         0
                text11                              D56      D56       18         0
                text10                              D84      D84        8         0
                text9                               BE4      BE4       46         0
                text8                               7F0      7F0       BC         0
                text7                               A10      A10       A6         0
                text6                               AB6      AB6       96         0
                text5                               D6E      D6E       16         0
                text4                               CA6      CA6       28         0
                text3                               4CC      4CC      1FC         0
                text2                               C70      C70       36         0
                text1                               B9E      B9E       46         0
                text0                                1A       1A      4B2         0
                cinit                               CF6      CF6       26         0

        CLASS   CONST          

        CLASS   SMALLCONST     

        CLASS   MEDIUMCONST    

        CLASS   COMRAM         
                temp                                 65       65        1         1
                cstackCOMRAM                          1        1       38         1
                bssCOMRAM                            39       39       2C         1

        CLASS   ABS1           

        CLASS   BIGRAM         

        CLASS   RAM            

        CLASS   BANK0          
                cstackBANK0                          A8       A8        A         1
                bssBANK0                             80       80       28         1

        CLASS   BANK1          

        CLASS   BANK2          

        CLASS   SFR            

        CLASS   FARRAM         

        CLASS   CONFIG         
                config                           300000   300000        E         0

        CLASS   IDLOC          
                idloc                            200000   200000        8         0

        CLASS   EEDATA         



SEGMENTS        Name                           Load    Length   Top    Selector   Space  Class

                reset_vec                      000000  000006  000006         0       0  CODE    
                cstackCOMRAM                   000001  000065  000066         1       1  COMRAM  
                intcode                        000008  000D96  000D9E         4       0  CODE    
                bssBANK0                       000080  000032  0000B2        80       1  BANK0   
                idloc                          200000  000008  200008    200000       0  IDLOC   
                config                         300000  00000E  30000E    300000       0  CONFIG  


UNUSED ADDRESS RANGES

        Name                Unused          Largest block    Delta
        BANK0            0000B2-0000FF               4E
        BANK1            000100-0001FF              100
        BANK2            000200-0002EE               EF
        BIGRAM           000066-00007F               1A
                         0000B2-0002EE              23D
        CODE             000006-000007                2
                         000D9E-003CFF             2F62
        COMRAM           000066-00007F               1A
        CONST            000006-000007                2
                         000D9E-003CFF             2F62
        EEDATA           F00000-F000FF              100
        MEDIUMCONST      000D9E-003CFF             2F62
        RAM              0000B2-0002EE              100
        SFR              000F80-000F9B               1C
                         000F9D-000FD3               37
                         000FD5-000FDA                6
                         000FE0-000FE2                3
                         000FE8-000FEA                3
                         000FF0-000FFB                C
        SMALLCONST       000D9E-003CFF              100
        STACK            0000B2-0002EE              23D

                                  Symbol Table

?_AD_Converter                    cstackCOMRAM 000019
?_GetAdcAD597Value                cstackCOMRAM 000020
?_GetAdcBatValue                  cstackCOMRAM 000020
?_GetAdcChargBatValue             cstackCOMRAM 000020
?___lwdiv                         cstackCOMRAM 000017
AD_Converter@AD_Result            cstackCOMRAM 00001E
AD_Converter@channelNumber        cstackCOMRAM 00001D
GetAdcAD597Value@channelNumber    cstackCOMRAM 000024
GetAdcAD597Value@i                cstackCOMRAM 000027
GetAdcAD597Value@temp             cstackCOMRAM 000025
GetAdcBatValue@channelNumber      cstackCOMRAM 000024
GetAdcBatValue@i                  cstackCOMRAM 000027
GetAdcBatValue@temp               cstackCOMRAM 000025
GetAdcChargBatValue@channelNumber cstackCOMRAM 000024
GetAdcChargBatValue@i             cstackCOMRAM 000027
GetAdcChargBatValue@temp          cstackCOMRAM 000025
ProcessButton@buttonPushPeriod    cstackCOMRAM 00001B
ProcessHeat@adcValue              cstackCOMRAM 000031
ProcessHeat@countHeatTime         cstackCOMRAM 00002D
ProcessHeat@flagStop              cstackCOMRAM 00002C
ReadEEprom@addr                   cstackCOMRAM 000017
WriteEEprom@addr                  cstackCOMRAM 000018
WriteEEprom@data                  cstackCOMRAM 000017
_ADCON0                           (abs)        000FC2
_ADCON0bits                       (abs)        000FC2
_ADCON1bits                       (abs)        000FC1
_ADCON2bits                       (abs)        000FC0
_ADRESH                           (abs)        000FC4
_ADRESL                           (abs)        000FC3
_AD_Converter                     text20       000C2A
_EEADR                            (abs)        000FA9
_EECON1bits                       (abs)        000FA6
_EECON2                           (abs)        000FA7
_EEDATA                           (abs)        000FA8
_GetAdcAD597Value                 text7        000A10
_GetAdcBatValue                   text18       00095E
_GetAdcChargBatValue              text17       0008AC
_HeatProcessLedShow               text6        000AB6
_INTCON2bits                      (abs)        000FF1
_INTCONbits                       (abs)        000FF2
_ISR                              intcode      000008
_InitializeAD                     text16       000D1C
_InitializeINT0                   text15       000D94
_InitializeInterrupts             text14       000D8C
_InitializeOscillator             text13       000D9C
_InitializePinmux                 text12       000CCE
_InitializeTimer0                 text11       000D56
_LevelTmpSetShow                  text9        000BE4
_PIR1bits                         (abs)        000F9E
_PORTAbits                        (abs)        000F80
_PORTBbits                        (abs)        000F81
_PORTC                            (abs)        000F82
_PORTCbits                        (abs)        000F82
_ProcessButton                    text8        0007F0
_ProcessHeat                      text3        0004CC
_ReadEEprom                       text5        000D6E
_S2KeyPushTime                    bssCOMRAM    00005F
_ShutDownSystem                   text1        000B9E
_T0CONbits                        (abs)        000FD5
_TMR0H                            (abs)        000FD7
_TMR0L                            (abs)        000FD6
_TRISAbits                        (abs)        000F92
_TRISBbits                        (abs)        000F93
_TRISCbits                        (abs)        000F94
_WriteEEprom                      text4        000CA6
__CFG_BOREN$OFF                   (abs)        000000
__CFG_BORV$3                      (abs)        000000
__CFG_CCP2MX$PORTC                (abs)        000000
__CFG_CP0$ON                      (abs)        000000
__CFG_CP1$ON                      (abs)        000000
__CFG_CPB$ON                      (abs)        000000
__CFG_CPD$ON                      (abs)        000000
__CFG_EBTR0$ON                    (abs)        000000
__CFG_EBTR1$ON                    (abs)        000000
__CFG_EBTRB$ON                    (abs)        000000
__CFG_FCMEN$OFF                   (abs)        000000
__CFG_IESO$OFF                    (abs)        000000
__CFG_LPT1OSC$OFF                 (abs)        000000
__CFG_LVP$OFF                     (abs)        000000
__CFG_MCLRE$ON                    (abs)        000000
__CFG_OSC$HS                      (abs)        000000
__CFG_PBADEN$OFF                  (abs)        000000
__CFG_PWRT$ON                     (abs)        000000
__CFG_STVREN$ON                   (abs)        000000
__CFG_WDT$OFF                     (abs)        000000
__CFG_WDTPS$32768                 (abs)        000000
__CFG_WRT0$ON                     (abs)        000000
__CFG_WRT1$ON                     (abs)        000000
__CFG_WRTB$ON                     (abs)        000000
__CFG_WRTC$ON                     (abs)        000000
__CFG_WRTD$ON                     (abs)        000000
__CFG_XINST$OFF                   (abs)        000000
__HRAM                            (abs)        000000
__Habs1                           abs1         000000
__Hbank0                          bank0        000000
__Hbank1                          bank1        000000
__Hbank2                          bank2        000000
__Hbigbss                         bigbss       000000
__Hbigdata                        bigdata      000000
__Hbigram                         bigram       000000
__Hbss                            bss          000000
__HbssBANK0                       bssBANK0     000000
__HbssCOMRAM                      bssCOMRAM    000000
__Hcinit                          cinit        000000
__Hclrtext                        clrtext      000000
__Hcomram                         comram       000000
__Hconfig                         config       30000E
__Hconst                          const        000000
__HcstackBANK0                    cstackBANK0  000000
__HcstackCOMRAM                   cstackCOMRAM 000000
__Hdata                           data         000000
__Heeprom_data                    eeprom_data  000000
__Hend_init                       end_init     00001A
__Hfarbss                         farbss       000000
__Hfardata                        fardata      000000
__Hibigdata                       ibigdata     000000
__Hidata                          idata        000000
__Hidloc                          idloc        200008
__Hifardata                       ifardata     000000
__Hinit                           init         000016
__Hintcode                        intcode      000016
__Hintcode_body                   intcode_body 000000
__Hintcodelo                      intcodelo    000016
__Hintentry                       intentry     000000
__Hintret                         intret       000000
__Hintsave_regs                   intsave_regs 000000
__Hirdata                         irdata       000000
__Hmediumconst                    mediumconst  000000
__HnvFARRAM                       nvFARRAM     000000
__Hnvbit                          nvbit        000000
__Hnvrram                         nvrram       000000
__Hparam                          rparam       000000
__Hpowerup                        powerup      000016
__Hram                            ram          000000
__Hramtop                         ramtop       000300
__Hrbit                           rbit         000000
__Hrbss                           rbss         000000
__Hrdata                          rdata        000000
__Hreset_vec                      reset_vec    000006
__Hrparam                         rparam       000000
__Hsfr                            sfr          000000
__Hsmallconst                     smallconst   000000
__Hspace_0                        (abs)        30000E
__Hspace_1                        (abs)        0000B2
__Hspace_2                        (abs)        000000
__Hstack                          stack        000000
__Hstruct                         struct       000000
__Htemp                           temp         000066
__Htext                           text         000000
__Htext0                          text0        000000
__Htext1                          text1        000000
__Htext10                         text10       000000
__Htext11                         text11       000000
__Htext12                         text12       000000
__Htext13                         text13       000000
__Htext14                         text14       000000
__Htext15                         text15       000000
__Htext16                         text16       000000
__Htext17                         text17       000000
__Htext18                         text18       000000
__Htext19                         text19       000000
__Htext2                          text2        000000
__Htext20                         text20       000000
__Htext21                         text21       000000
__Htext3                          text3        000000
__Htext4                          text4        000000
__Htext5                          text5        000000
__Htext6                          text6        000000
__Htext7                          text7        000000
__Htext8                          text8        000000
__Htext9                          text9        000000
__LRAM                            (abs)        000001
__Labs1                           abs1         000000
__Lbank0                          bank0        000000
__Lbank1                          bank1        000000
__Lbank2                          bank2        000000
__Lbigbss                         bigbss       000000
__Lbigdata                        bigdata      000000
__Lbigram                         bigram       000000
__Lbss                            bss          000000
__LbssBANK0                       bssBANK0     000000
__LbssCOMRAM                      bssCOMRAM    000000
__Lcinit                          cinit        000000
__Lclrtext                        clrtext      000000
__Lcomram                         comram       000000
__Lconfig                         config       300000
__Lconst                          const        000000
__LcstackBANK0                    cstackBANK0  000000
__LcstackCOMRAM                   cstackCOMRAM 000000
__Ldata                           data         000000
__Leeprom_data                    eeprom_data  000000
__Lend_init                       end_init     000016
__Lfarbss                         farbss       000000
__Lfardata                        fardata      000000
__Libigdata                       ibigdata     000000
__Lidata                          idata        000000
__Lidloc                          idloc        200000
__Lifardata                       ifardata     000000
__Linit                           init         000016
__Lintcode                        intcode      000008
__Lintcode_body                   intcode_body 000000
__Lintcodelo                      intcodelo    000016
__Lintentry                       intentry     000000
__Lintret                         intret       000000
__Lintsave_regs                   intsave_regs 000000
__Lirdata                         irdata       000000
__Lmediumconst                    mediumconst  000000
__LnvFARRAM                       nvFARRAM     000000
__Lnvbit                          nvbit        000000
__Lnvrram                         nvrram       000000
__Lparam                          rparam       000000
__Lpowerup                        powerup      000016
__Lram                            ram          000000
__Lramtop                         ramtop       000300
__Lrbit                           rbit         000000
__Lrbss                           rbss         000000
__Lrdata                          rdata        000000
__Lreset_vec                      reset_vec    000000
__Lrparam                         rparam       000000
__Lsfr                            sfr          000000
__Lsmallconst                     smallconst   000000
__Lspace_0                        (abs)        000000
__Lspace_1                        (abs)        000000
__Lspace_2                        (abs)        000000
__Lstack                          stack        000000
__Lstruct                         struct       000000
__Ltemp                           temp         000065
__Ltext                           text         000000
__Ltext0                          text0        000000
__Ltext1                          text1        000000
__Ltext10                         text10       000000
__Ltext11                         text11       000000
__Ltext12                         text12       000000
__Ltext13                         text13       000000
__Ltext14                         text14       000000
__Ltext15                         text15       000000
__Ltext16                         text16       000000
__Ltext17                         text17       000000
__Ltext18                         text18       000000
__Ltext19                         text19       000000
__Ltext2                          text2        000000
__Ltext20                         text20       000000
__Ltext21                         text21       000000
__Ltext3                          text3        000000
__Ltext4                          text4        000000
__Ltext5                          text5        000000
__Ltext6                          text6        000000
__Ltext7                          text7        000000
__Ltext8                          text8        000000
__Ltext9                          text9        000000
__S0                              (abs)        30000E
__S1                              (abs)        0000B2
__S2                              (abs)        000000
___inthi_sp                       stack        000000
___intlo_sp                       stack        000000
___lwdiv                          text19       000B4C
___lwdiv@counter                  cstackCOMRAM 00001B
___lwdiv@dividend                 cstackCOMRAM 000017
___lwdiv@divisor                  cstackCOMRAM 000019
___lwdiv@quotient                 cstackCOMRAM 00001C
___param_bank                     (abs)        000010
___rparam_used                    (abs)        000001
___sp                             stack        000000
__accesstop                       (abs)        000080
__activetblptr                    (abs)        000002
__end_of_AD_Converter             text20       000C70
__end_of_GetAdcAD597Value         text7        000AB6
__end_of_GetAdcBatValue           text18       000A10
__end_of_GetAdcChargBatValue      text17       00095E
__end_of_HeatProcessLedShow       text6        000B4C
__end_of_ISR                      intcode_body 0007F0
__end_of_InitializeAD             text16       000D3A
__end_of_InitializeINT0           text15       000D9C
__end_of_InitializeInterrupts     text14       000D94
__end_of_InitializeOscillator     text13       000D9E
__end_of_InitializePinmux         text12       000CF6
__end_of_InitializeTimer0         text11       000D6E
__end_of_LevelTmpSetShow          text9        000C2A
__end_of_ProcessButton            text8        0008AC
__end_of_ProcessHeat              text3        0006C8
__end_of_ReadEEprom               text5        000D84
__end_of_ShutDownSystem           text1        000BE4
__end_of_WriteEEprom              text4        000CCE
__end_of___lwdiv                  text19       000B9E
__end_of__initialization          cinit        000D0E
__end_of_delay_10us               text21       000D56
__end_of_delay_ms                 text2        000CA6
__end_of_main                     text0        0004CC
__end_of_turnOffAllLed            text10       000D8C
__initialization                  cinit        000CF6
__mediumconst                     mediumconst  000000
__pbssBANK0                       bssBANK0     000080
__pbssCOMRAM                      bssCOMRAM    000039
__pcinit                          cinit        000CF6
__pcstackBANK0                    cstackBANK0  0000A8
__pcstackCOMRAM                   cstackCOMRAM 000001
__pintcode                        intcode      000008
__pintcode_body                   intcode_body 0006C8
__ptext0                          text0        00001A
__ptext1                          text1        000B9E
__ptext10                         text10       000D84
__ptext11                         text11       000D56
__ptext12                         text12       000CCE
__ptext13                         text13       000D9C
__ptext14                         text14       000D8C
__ptext15                         text15       000D94
__ptext16                         text16       000D1C
__ptext17                         text17       0008AC
__ptext18                         text18       00095E
__ptext19                         text19       000B4C
__ptext2                          text2        000C70
__ptext20                         text20       000C2A
__ptext21                         text21       000D3A
__ptext3                          text3        0004CC
__ptext4                          text4        000CA6
__ptext5                          text5        000D6E
__ptext6                          text6        000AB6
__ptext7                          text7        000A10
__ptext8                          text8        0007F0
__ptext9                          text9        000BE4
__ramtop                          ramtop       000300
__size_of_AD_Converter            (abs)        000000
__size_of_GetAdcAD597Value        (abs)        000000
__size_of_GetAdcBatValue          (abs)        000000
__size_of_GetAdcChargBatValue     (abs)        000000
__size_of_HeatProcessLedShow      (abs)        000000
__size_of_ISR                     (abs)        000000
__size_of_InitializeAD            (abs)        000000
__size_of_InitializeINT0          (abs)        000000
__size_of_InitializeInterrupts    (abs)        000000
__size_of_InitializeOscillator    (abs)        000000
__size_of_InitializePinmux        (abs)        000000
__size_of_InitializeTimer0        (abs)        000000
__size_of_LevelTmpSetShow         (abs)        000000
__size_of_ProcessButton           (abs)        000000
__size_of_ProcessHeat             (abs)        000000
__size_of_ReadEEprom              (abs)        000000
__size_of_ShutDownSystem          (abs)        000000
__size_of_WriteEEprom             (abs)        000000
__size_of___lwdiv                 (abs)        000000
__size_of_delay_10us              (abs)        000000
__size_of_delay_ms                (abs)        000000
__size_of_main                    (abs)        000000
__size_of_turnOffAllLed           (abs)        000000
__smallconst                      smallconst   000000
_adcAD597Value                    bssBANK0     000080
_adcBatValue                      bssCOMRAM    000039
_adcChargeStatValue               bssBANK0     000094
_buttonPushTimeStart              bssCOMRAM    00004D
_buttonPushTimeStop               bssCOMRAM    000051
_cyData                           bssCOMRAM    000060
_delay_10us                       text21       000D3A
_delay_ms                         text2        000C70
_flagS2KeyPushed                  bssCOMRAM    000061
_levelTmpSetting                  bssCOMRAM    000062
_main                             text0        00001A
_pushButtonJitterTime             bssCOMRAM    000055
_timeSystemRun                    bssCOMRAM    000059
_timer0Count                      bssCOMRAM    000063
_timer1Count                      bssCOMRAM    000064
_timerHalfSecond                  bssCOMRAM    00005D
_turnOffAllLed                    text10       000D84
btemp                             temp         000065
delay_10us@i                      cstackCOMRAM 000017
delay_ms@i                        cstackCOMRAM 00001B
delay_ms@j                        cstackCOMRAM 000019
delay_ms@x                        cstackCOMRAM 000017
end_of_initialization             cinit        000D0E
int$flags                         temp         000065
int_func                          intcode_body 0006C8
intlevel0                         text         000000
intlevel1                         text         000000
intlevel2                         text         000000
intlevel3                         text         000000
main@adcValue                     cstackBANK0  0000B0
main@countHeatTime                cstackBANK0  0000A8
main@flagChargeBat                cstackBANK0  0000AC
main@i                            cstackBANK0  0000AD
main@keyValue                     cstackBANK0  0000AF
stackhi                           (abs)        0002EE
stacklo                           (abs)        0000B2
start                             init         000016
start_initialization              cinit        000CF6


FUNCTION INFORMATION:

 *************** function _main *****************
 Defined at:
		line 41 in file "WAFR-01-C001 HD-debug.X/WAFR-01-C001-HD-debug main/WAFR-01-C001-HD-debug-main.c"
 Parameters:    Size  Location     Type
  argc            2   50[COMRAM] int 
  argv            3   52[COMRAM] PTR PTR unsigned char 
 Auto vars:     Size  Location     Type
  countHeatTim    4    0[BANK0 ] unsigned long 
  adcValue        2    8[BANK0 ] short 
  i               2    5[BANK0 ] unsigned int 
  keyValue        1    7[BANK0 ] char 
  flagChargeBa    1    4[BANK0 ] unsigned char 
 Return value:  Size  Location     Type
                  2   50[COMRAM] int 
 Registers used:
		wreg, fsr1l, fsr1h, fsr2l, fsr2h, status,2, status,0, prodl, prodh, cstack
 Tracked objects:
		On entry : 
		On exit  : 
		Unchanged: 
 Data sizes:     COMRAM   BANK0   BANK1   BANK2
      Params:         5       0       0       0
      Locals:         0      10       0       0
      Temps:          1       0       0       0
      Totals:         6      10       0       0
Total ram usage:       16 bytes
 Hardware stack levels required when called:    5
 This function calls:
		_GetAdcAD597Value
		_GetAdcBatValue
		_GetAdcChargBatValue
		_InitializeAD
		_InitializeINT0
		_InitializeInterrupts
		_InitializeOscillator
		_InitializePinmux
		_InitializeTimer0
		_LevelTmpSetShow
		_ProcessButton
		_ProcessHeat
		_ReadEEprom
		_ShutDownSystem
		_delay_ms
		_turnOffAllLed
 This function is called by:
		Startup code after reset
 This function uses a non-reentrant model


 *************** function _ShutDownSystem *****************
 Defined at:
		line 334 in file "WAFR-01-C001 HD-debug.X/sys/system.c"
 Parameters:    Size  Location     Type
		None
 Auto vars:     Size  Location     Type
		None
 Return value:  Size  Location     Type
		None               void
 Registers used:
		wreg, status,2, status,0, cstack
 Tracked objects:
		On entry : 
		On exit  : 
		Unchanged: 
 Data sizes:     COMRAM   BANK0   BANK1   BANK2
      Params:         0       0       0       0
      Locals:         0       0       0       0
      Temps:          1       0       0       0
      Totals:         1       0       0       0
Total ram usage:        1 bytes
 Hardware stack levels used:    1
 Hardware stack levels required when called:    2
 This function calls:
		_delay_ms
		_turnOffAllLed
 This function is called by:
		_main
 This function uses a non-reentrant model


 *************** function _delay_ms *****************
 Defined at:
		line 27 in file "WAFR-01-C001 HD-debug.X/user/user.c"
 Parameters:    Size  Location     Type
  x               2   22[COMRAM] unsigned int 
 Auto vars:     Size  Location     Type
  i               2   26[COMRAM] unsigned int 
  j               2   24[COMRAM] unsigned int 
 Return value:  Size  Location     Type
		None               void
 Registers used:
		wreg, status,2, status,0
 Tracked objects:
		On entry : 
		On exit  : 
		Unchanged: 
 Data sizes:     COMRAM   BANK0   BANK1   BANK2
      Params:         2       0       0       0
      Locals:         4       0       0       0
      Temps:          0       0       0       0
      Totals:         6       0       0       0
Total ram usage:        6 bytes
 Hardware stack levels used:    1
 Hardware stack levels required when called:    1
 This function calls:
		Nothing
 This function is called by:
		_main
		_ShutDownSystem
		_delay_s
 This function uses a non-reentrant model


 *************** function _ProcessHeat *****************
 Defined at:
		line 355 in file "WAFR-01-C001 HD-debug.X/sys/system.c"
 Parameters:    Size  Location     Type
		None
 Auto vars:     Size  Location     Type
  countHeatTim    4   44[COMRAM] unsigned long 
  adcValue        2   48[COMRAM] unsigned short 
  flagStop        1   43[COMRAM] unsigned char 
 Return value:  Size  Location     Type
		None               void
 Registers used:
		wreg, fsr1l, fsr1h, fsr2l, fsr2h, status,2, status,0, prodl, prodh, cstack
 Tracked objects:
		On entry : 
		On exit  : 
		Unchanged: 
 Data sizes:     COMRAM   BANK0   BANK1   BANK2
      Params:         0       0       0       0
      Locals:         7       0       0       0
      Temps:          4       0       0       0
      Totals:        11       0       0       0
Total ram usage:       11 bytes
 Hardware stack levels used:    1
 Hardware stack levels required when called:    4
 This function calls:
		_GetAdcAD597Value
		_HeatProcessLedShow
		_ReadEEprom
		_WriteEEprom
		_turnOffAllLed
 This function is called by:
		_main
 This function uses a non-reentrant model


 *************** function _WriteEEprom *****************
 Defined at:
		line 47 in file "WAFR-01-C001 HD-debug.X/EEprom/EEprom.c"
 Parameters:    Size  Location     Type
  addr            1    wreg     unsigned char 
  data            1   22[COMRAM] unsigned char 
 Auto vars:     Size  Location     Type
  addr            1   23[COMRAM] unsigned char 
 Return value:  Size  Location     Type
		None               void
 Registers used:
		wreg, status,2
 Tracked objects:
		On entry : 
		On exit  : 
		Unchanged: 
 Data sizes:     COMRAM   BANK0   BANK1   BANK2
      Params:         1       0       0       0
      Locals:         1       0       0       0
      Temps:          0       0       0       0
      Totals:         2       0       0       0
Total ram usage:        2 bytes
 Hardware stack levels used:    1
 Hardware stack levels required when called:    1
 This function calls:
		Nothing
 This function is called by:
		_ProcessHeat
 This function uses a non-reentrant model


 *************** function _ReadEEprom *****************
 Defined at:
		line 79 in file "WAFR-01-C001 HD-debug.X/EEprom/EEprom.c"
 Parameters:    Size  Location     Type
  addr            1    wreg     unsigned char 
 Auto vars:     Size  Location     Type
  addr            1   22[COMRAM] unsigned char 
 Return value:  Size  Location     Type
                  1    wreg      unsigned char 
 Registers used:
		wreg, status,2
 Tracked objects:
		On entry : 
		On exit  : 
		Unchanged: 
 Data sizes:     COMRAM   BANK0   BANK1   BANK2
      Params:         0       0       0       0
      Locals:         1       0       0       0
      Temps:          0       0       0       0
      Totals:         1       0       0       0
Total ram usage:        1 bytes
 Hardware stack levels used:    1
 Hardware stack levels required when called:    1
 This function calls:
		Nothing
 This function is called by:
		_main
		_ProcessHeat
 This function uses a non-reentrant model


 *************** function _HeatProcessLedShow *****************
 Defined at:
		line 92 in file "WAFR-01-C001 HD-debug.X/RGBLedDisplay/RGBLedDisplay.c"
 Parameters:    Size  Location     Type
		None
 Auto vars:     Size  Location     Type
		None
 Return value:  Size  Location     Type
		None               void
 Registers used:
		wreg, status,2, status,0
 Tracked objects:
		On entry : 
		On exit  : 
		Unchanged: 
 Data sizes:     COMRAM   BANK0   BANK1   BANK2
      Params:         0       0       0       0
      Locals:         0       0       0       0
      Temps:          0       0       0       0
      Totals:         0       0       0       0
Total ram usage:        0 bytes
 Hardware stack levels used:    1
 Hardware stack levels required when called:    1
 This function calls:
		Nothing
 This function is called by:
		_ProcessHeat
 This function uses a non-reentrant model


 *************** function _GetAdcAD597Value *****************
 Defined at:
		line 509 in file "WAFR-01-C001 HD-debug.X/sys/system.c"
 Parameters:    Size  Location     Type
  channelNumbe    1    wreg     unsigned char 
 Auto vars:     Size  Location     Type
  channelNumbe    1   35[COMRAM] unsigned char 
  temp            2   36[COMRAM] unsigned short 
  i               1   38[COMRAM] unsigned char 
 Return value:  Size  Location     Type
                  2   31[COMRAM] unsigned short 
 Registers used:
		wreg, fsr1l, fsr1h, fsr2l, fsr2h, status,2, status,0, prodl, prodh, cstack
 Tracked objects:
		On entry : 
		On exit  : 
		Unchanged: 
 Data sizes:     COMRAM   BANK0   BANK1   BANK2
      Params:         2       0       0       0
      Locals:         4       0       0       0
      Temps:          2       0       0       0
      Totals:         8       0       0       0
Total ram usage:        8 bytes
 Hardware stack levels used:    1
 Hardware stack levels required when called:    3
 This function calls:
		_AD_Converter
		___lwdiv
 This function is called by:
		_main
		_ProcessHeat
 This function uses a non-reentrant model


 *************** function _ProcessButton *****************
 Defined at:
		line 42 in file "WAFR-01-C001 HD-debug.X/keyboard/keyboard.c"
 Parameters:    Size  Location     Type
		None
 Auto vars:     Size  Location     Type
  buttonPushPe    4   26[COMRAM] unsigned long 
 Return value:  Size  Location     Type
                  1    wreg      unsigned char 
 Registers used:
		wreg, status,2, status,0, cstack
 Tracked objects:
		On entry : 
		On exit  : 
		Unchanged: 
 Data sizes:     COMRAM   BANK0   BANK1   BANK2
      Params:         0       0       0       0
      Locals:         4       0       0       0
      Temps:          4       0       0       0
      Totals:         8       0       0       0
Total ram usage:        8 bytes
 Hardware stack levels used:    1
 Hardware stack levels required when called:    3
 This function calls:
		_LevelTmpSetShow
 This function is called by:
		_main
 This function uses a non-reentrant model


 *************** function _LevelTmpSetShow *****************
 Defined at:
		line 32 in file "WAFR-01-C001 HD-debug.X/RGBLedDisplay/RGBLedDisplay.c"
 Parameters:    Size  Location     Type
		None
 Auto vars:     Size  Location     Type
		None
 Return value:  Size  Location     Type
		None               void
 Registers used:
		wreg, status,2, status,0, cstack
 Tracked objects:
		On entry : 
		On exit  : 
		Unchanged: 
 Data sizes:     COMRAM   BANK0   BANK1   BANK2
      Params:         0       0       0       0
      Locals:         0       0       0       0
      Temps:          0       0       0       0
      Totals:         0       0       0       0
Total ram usage:        0 bytes
 Hardware stack levels used:    1
 Hardware stack levels required when called:    2
 This function calls:
		_turnOffAllLed
 This function is called by:
		_main
		_ProcessButton
		_InitializeHardware
 This function uses a non-reentrant model


 *************** function _turnOffAllLed *****************
 Defined at:
		line 74 in file "WAFR-01-C001 HD-debug.X/RGBLedDisplay/RGBLedDisplay.c"
 Parameters:    Size  Location     Type
		None
 Auto vars:     Size  Location     Type
		None
 Return value:  Size  Location     Type
		None               void
 Registers used:
		wreg, status,2
 Tracked objects:
		On entry : 
		On exit  : 
		Unchanged: 
 Data sizes:     COMRAM   BANK0   BANK1   BANK2
      Params:         0       0       0       0
      Locals:         0       0       0       0
      Temps:          0       0       0       0
      Totals:         0       0       0       0
Total ram usage:        0 bytes
 Hardware stack levels used:    1
 Hardware stack levels required when called:    1
 This function calls:
		Nothing
 This function is called by:
		_main
		_ShutDownSystem
		_ProcessHeat
		_LevelTmpSetShow
 This function uses a non-reentrant model


 *************** function _InitializeTimer0 *****************
 Defined at:
		line 113 in file "WAFR-01-C001 HD-debug.X/sys/system.c"
 Parameters:    Size  Location     Type
		None
 Auto vars:     Size  Location     Type
		None
 Return value:  Size  Location     Type
		None               void
 Registers used:
		wreg, status,2
 Tracked objects:
		On entry : 
		On exit  : 
		Unchanged: 
 Data sizes:     COMRAM   BANK0   BANK1   BANK2
      Params:         0       0       0       0
      Locals:         0       0       0       0
      Temps:          0       0       0       0
      Totals:         0       0       0       0
Total ram usage:        0 bytes
 Hardware stack levels used:    1
 Hardware stack levels required when called:    1
 This function calls:
		Nothing
 This function is called by:
		_main
 This function uses a non-reentrant model


 *************** function _InitializePinmux *****************
 Defined at:
		line 67 in file "WAFR-01-C001 HD-debug.X/sys/system.c"
 Parameters:    Size  Location     Type
		None
 Auto vars:     Size  Location     Type
		None
 Return value:  Size  Location     Type
		None               void
 Registers used:
		None
 Tracked objects:
		On entry : 
		On exit  : 
		Unchanged: 
 Data sizes:     COMRAM   BANK0   BANK1   BANK2
      Params:         0       0       0       0
      Locals:         0       0       0       0
      Temps:          0       0       0       0
      Totals:         0       0       0       0
Total ram usage:        0 bytes
 Hardware stack levels used:    1
 Hardware stack levels required when called:    1
 This function calls:
		Nothing
 This function is called by:
		_main
 This function uses a non-reentrant model


 *************** function _InitializeOscillator *****************
 Defined at:
		line 28 in file "WAFR-01-C001 HD-debug.X/sys/system.c"
 Parameters:    Size  Location     Type
		None
 Auto vars:     Size  Location     Type
		None
 Return value:  Size  Location     Type
		None               void
 Registers used:
		None
 Tracked objects:
		On entry : 
		On exit  : 
		Unchanged: 
 Data sizes:     COMRAM   BANK0   BANK1   BANK2
      Params:         0       0       0       0
      Locals:         0       0       0       0
      Temps:          0       0       0       0
      Totals:         0       0       0       0
Total ram usage:        0 bytes
 Hardware stack levels used:    1
 Hardware stack levels required when called:    1
 This function calls:
		Nothing
 This function is called by:
		_main
 This function uses a non-reentrant model


 *************** function _InitializeInterrupts *****************
 Defined at:
		line 52 in file "WAFR-01-C001 HD-debug.X/sys/system.c"
 Parameters:    Size  Location     Type
		None
 Auto vars:     Size  Location     Type
		None
 Return value:  Size  Location     Type
		None               void
 Registers used:
		None
 Tracked objects:
		On entry : 
		On exit  : 
		Unchanged: 
 Data sizes:     COMRAM   BANK0   BANK1   BANK2
      Params:         0       0       0       0
      Locals:         0       0       0       0
      Temps:          0       0       0       0
      Totals:         0       0       0       0
Total ram usage:        0 bytes
 Hardware stack levels used:    1
 Hardware stack levels required when called:    1
 This function calls:
		Nothing
 This function is called by:
		_main
 This function uses a non-reentrant model


 *************** function _InitializeINT0 *****************
 Defined at:
		line 169 in file "WAFR-01-C001 HD-debug.X/sys/system.c"
 Parameters:    Size  Location     Type
		None
 Auto vars:     Size  Location     Type
		None
 Return value:  Size  Location     Type
		None               void
 Registers used:
		None
 Tracked objects:
		On entry : 
		On exit  : 
		Unchanged: 
 Data sizes:     COMRAM   BANK0   BANK1   BANK2
      Params:         0       0       0       0
      Locals:         0       0       0       0
      Temps:          0       0       0       0
      Totals:         0       0       0       0
Total ram usage:        0 bytes
 Hardware stack levels used:    1
 Hardware stack levels required when called:    1
 This function calls:
		Nothing
 This function is called by:
		_main
 This function uses a non-reentrant model


 *************** function _InitializeAD *****************
 Defined at:
		line 210 in file "WAFR-01-C001 HD-debug.X/sys/system.c"
 Parameters:    Size  Location     Type
		None
 Auto vars:     Size  Location     Type
		None
 Return value:  Size  Location     Type
		None               void
 Registers used:
		None
 Tracked objects:
		On entry : 
		On exit  : 
		Unchanged: 
 Data sizes:     COMRAM   BANK0   BANK1   BANK2
      Params:         0       0       0       0
      Locals:         0       0       0       0
      Temps:          0       0       0       0
      Totals:         0       0       0       0
Total ram usage:        0 bytes
 Hardware stack levels used:    1
 Hardware stack levels required when called:    1
 This function calls:
		Nothing
 This function is called by:
		_main
 This function uses a non-reentrant model


 *************** function _GetAdcChargBatValue *****************
 Defined at:
		line 542 in file "WAFR-01-C001 HD-debug.X/sys/system.c"
 Parameters:    Size  Location     Type
  channelNumbe    1    wreg     unsigned char 
 Auto vars:     Size  Location     Type
  channelNumbe    1   35[COMRAM] unsigned char 
  temp            2   36[COMRAM] unsigned short 
  i               1   38[COMRAM] unsigned char 
 Return value:  Size  Location     Type
                  2   31[COMRAM] unsigned short 
 Registers used:
		wreg, fsr1l, fsr1h, fsr2l, fsr2h, status,2, status,0, prodl, prodh, cstack
 Tracked objects:
		On entry : 
		On exit  : 
		Unchanged: 
 Data sizes:     COMRAM   BANK0   BANK1   BANK2
      Params:         2       0       0       0
      Locals:         4       0       0       0
      Temps:          2       0       0       0
      Totals:         8       0       0       0
Total ram usage:        8 bytes
 Hardware stack levels used:    1
 Hardware stack levels required when called:    3
 This function calls:
		_AD_Converter
		___lwdiv
 This function is called by:
		_main
 This function uses a non-reentrant model


 *************** function _GetAdcBatValue *****************
 Defined at:
		line 477 in file "WAFR-01-C001 HD-debug.X/sys/system.c"
 Parameters:    Size  Location     Type
  channelNumbe    1    wreg     unsigned char 
 Auto vars:     Size  Location     Type
  channelNumbe    1   35[COMRAM] unsigned char 
  temp            2   36[COMRAM] unsigned short 
  i               1   38[COMRAM] unsigned char 
 Return value:  Size  Location     Type
                  2   31[COMRAM] unsigned short 
 Registers used:
		wreg, fsr1l, fsr1h, fsr2l, fsr2h, status,2, status,0, prodl, prodh, cstack
 Tracked objects:
		On entry : 
		On exit  : 
		Unchanged: 
 Data sizes:     COMRAM   BANK0   BANK1   BANK2
      Params:         2       0       0       0
      Locals:         4       0       0       0
      Temps:          2       0       0       0
      Totals:         8       0       0       0
Total ram usage:        8 bytes
 Hardware stack levels used:    1
 Hardware stack levels required when called:    3
 This function calls:
		_AD_Converter
		___lwdiv
 This function is called by:
		_main
 This function uses a non-reentrant model


 *************** function ___lwdiv *****************
 Defined at:
		line 8 in file "C:\Program Files (x86)\Microchip\xc8\v1.35\sources\common\lwdiv.c"
 Parameters:    Size  Location     Type
  dividend        2   22[COMRAM] unsigned int 
  divisor         2   24[COMRAM] unsigned int 
 Auto vars:     Size  Location     Type
  quotient        2   27[COMRAM] unsigned int 
  counter         1   26[COMRAM] unsigned char 
 Return value:  Size  Location     Type
                  2   22[COMRAM] unsigned int 
 Registers used:
		wreg, status,2, status,0
 Tracked objects:
		On entry : 
		On exit  : 
		Unchanged: 
 Data sizes:     COMRAM   BANK0   BANK1   BANK2
      Params:         4       0       0       0
      Locals:         3       0       0       0
      Temps:          0       0       0       0
      Totals:         7       0       0       0
Total ram usage:        7 bytes
 Hardware stack levels used:    1
 Hardware stack levels required when called:    1
 This function calls:
		Nothing
 This function is called by:
		_GetAdcBatValue
		_GetAdcAD597Value
		_GetAdcChargBatValue
 This function uses a non-reentrant model


 *************** function _AD_Converter *****************
 Defined at:
		line 268 in file "WAFR-01-C001 HD-debug.X/sys/system.c"
 Parameters:    Size  Location     Type
  channelNumbe    1    wreg     char 
 Auto vars:     Size  Location     Type
  channelNumbe    1   28[COMRAM] char 
  AD_Result       2   29[COMRAM] unsigned short 
 Return value:  Size  Location     Type
                  2   24[COMRAM] unsigned short 
 Registers used:
		wreg, status,2, status,0, cstack
 Tracked objects:
		On entry : 
		On exit  : 
		Unchanged: 
 Data sizes:     COMRAM   BANK0   BANK1   BANK2
      Params:         2       0       0       0
      Locals:         3       0       0       0
      Temps:          2       0       0       0
      Totals:         7       0       0       0
Total ram usage:        7 bytes
 Hardware stack levels used:    1
 Hardware stack levels required when called:    2
 This function calls:
		_delay_10us
 This function is called by:
		_GetAdcBatValue
		_GetAdcAD597Value
		_GetAdcChargBatValue
 This function uses a non-reentrant model


 *************** function _delay_10us *****************
 Defined at:
		line 54 in file "WAFR-01-C001 HD-debug.X/user/user.c"
 Parameters:    Size  Location     Type
		None
 Auto vars:     Size  Location     Type
  i               2   22[COMRAM] unsigned int 
 Return value:  Size  Location     Type
		None               void
 Registers used:
		wreg, status,2, status,0
 Tracked objects:
		On entry : 
		On exit  : 
		Unchanged: 
 Data sizes:     COMRAM   BANK0   BANK1   BANK2
      Params:         0       0       0       0
      Locals:         2       0       0       0
      Temps:          0       0       0       0
      Totals:         2       0       0       0
Total ram usage:        2 bytes
 Hardware stack levels used:    1
 Hardware stack levels required when called:    1
 This function calls:
		Nothing
 This function is called by:
		_AD_Converter
 This function uses a non-reentrant model


 *************** function _ISR *****************
 Defined at:
		line 22 in file "WAFR-01-C001 HD-debug.X/interrupts/interrupts.c"
 Parameters:    Size  Location     Type
		None
 Auto vars:     Size  Location     Type
		None
 Return value:  Size  Location     Type
		None               void
 Registers used:
		wreg, status,2, status,0
 Tracked objects:
		On entry : 
		On exit  : 
		Unchanged: 
 Data sizes:     COMRAM   BANK0   BANK1   BANK2
      Params:         0       0       0       0
      Locals:         0       0       0       0
      Temps:         22       0       0       0
      Totals:        22       0       0       0
Total ram usage:       22 bytes
 Hardware stack levels used:    1
 This function calls:
		Nothing
 This function is called by:
		Interrupt level 2
 This function uses a non-reentrant model



MODULE INFORMATION

Module		Function		Class		Link	Load	Size
WAFR-01-C001 HD-debug.X/keyboard/keyboard.c
		_ProcessButton 		CODE           	07F0	0000	189

WAFR-01-C001 HD-debug.X/keyboard/keyboard.c estimated size: 189

WAFR-01-C001 HD-debug.X/user/user.c
		_delay_10us    		CODE           	0D3A	0000	29
		_delay_ms      		CODE           	0C70	0000	55

WAFR-01-C001 HD-debug.X/user/user.c estimated size: 84

WAFR-01-C001 HD-debug.X/EEprom/EEprom.c
		_WriteEEprom   		CODE           	0CA6	0000	41
		_ReadEEprom    		CODE           	0D6E	0000	23

WAFR-01-C001 HD-debug.X/EEprom/EEprom.c estimated size: 64

WAFR-01-C001 HD-debug.X/sys/system.c
		_InitializeInterrupts		CODE           	0D8C	0000	9
		_ShutDownSystem		CODE           	0B9E	0000	71
		_AD_Converter  		CODE           	0C2A	0000	71
		_InitializeTimer0		CODE           	0D56	0000	25
		_InitializeAD  		CODE           	0D1C	0000	31
		_GetAdcBatValue		CODE           	095E	0000	179
		_InitializeINT0		CODE           	0D94	0000	9
		_GetAdcAD597Value		CODE           	0A10	0000	167
		_InitializePinmux		CODE           	0CCE	0000	41
		_InitializeOscillator		CODE           	0D9C	0000	3
		_ProcessHeat   		CODE           	04CC	0000	509
		_GetAdcChargBatValue		CODE           	08AC	0000	179

WAFR-01-C001 HD-debug.X/sys/system.c estimated size: 1294

WAFR-01-C001 HD-debug.X/RGBLedDisplay/RGBLedDisplay.c
		_turnOffAllLed 		CODE           	0D84	0000	9
		_HeatProcessLedShow		CODE           	0AB6	0000	151
		_LevelTmpSetShow		CODE           	0BE4	0000	71

WAFR-01-C001 HD-debug.X/RGBLedDisplay/RGBLedDisplay.c estimated size: 231

shared
		__initialization		CODE           	0CF6	0000	25

shared estimated size: 25

WAFR-01-C001 HD-debug.X/WAFR-01-C001-HD-debug main/WAFR-01-C001-HD-debug-main.c
		_main          		CODE           	001A	0000	1203

WAFR-01-C001 HD-debug.X/WAFR-01-C001-HD-debug main/WAFR-01-C001-HD-debug-main.c estimated size: 1203

WAFR-01-C001 HD-debug.X/interrupts/interrupts.c
		_ISR           		CODE           	0008	0000	311

WAFR-01-C001 HD-debug.X/interrupts/interrupts.c estimated size: 311

C:\Program Files (x86)\Microchip\xc8\v1.35\sources\common\lwdiv.c
		___lwdiv       		CODE           	0B4C	0000	83

C:\Program Files (x86)\Microchip\xc8\v1.35\sources\common\lwdiv.c estimated size: 83

